// Jest Snapshot v1, https://goo.gl/fbAQLP

exports[`<Message /> snapshot 1`] = `
<div
  className="opacity-0 transition flex mb-4 bg-gray-700 border-l-4 border-green-500"
  style={
    Object {
      "minHeight": "64px",
    }
  }
>
  <div
    className="w-80 flex flex-col justify-center"
  >
    <h1
      className="font-semibold ml-3 pt-3"
    >
      Message
    </h1>
    <span
      className="text-sm ml-3 pb-3"
    >
      This is a message
    </span>
  </div>
  <button
    className="hover:text-red-500 ml-4 self-start mt-3 mr-3"
    onClick={[Function]}
  >
    <svg
      fill="currentColor"
      height="20px"
      stroke="currentColor"
      strokeWidth="0"
      style={
        Object {
          "color": undefined,
        }
      }
      viewBox="0 0 352 512"
      width="20px"
      xmlns="http://www.w3.org/2000/svg"
    >
      <path
        d="M242.72 256l100.07-100.07c12.28-12.28 12.28-32.19 0-44.48l-22.24-22.24c-12.28-12.28-32.19-12.28-44.48 0L176 189.28 75.93 89.21c-12.28-12.28-32.19-12.28-44.48 0L9.21 111.45c-12.28 12.28-12.28 32.19 0 44.48L109.28 256 9.21 356.07c-12.28 12.28-12.28 32.19 0 44.48l22.24 22.24c12.28 12.28 32.2 12.28 44.48 0L176 322.72l100.07 100.07c12.28 12.28 32.2 12.28 44.48 0l22.24-22.24c12.28-12.28 12.28-32.19 0-44.48L242.72 256z"
      />
    </svg>
  </button>
</div>
`;
